[atixscripts.info/demo/html/businessz/index.html]
[backblue.gif]
[fade.gif]
[index.html]
[atixscripts.info/demo/html/businessz/assets/images/favicon.ico]
[atixscripts.info/demo/html/businessz/assets/images/apple-touch-icon-114x114-precomposed.png]
[atixscripts.info/demo/html/businessz/assets/images/apple-touch-icon-57x57-precomposed.png]
[atixscripts.info/demo/html/businessz/assets/revolution/css/settings.css]
[atixscripts.info/demo/html/businessz/assets/css/lib.css]
[atixscripts.info/demo/html/businessz/assets/css/plugins.css]
[atixscripts.info/demo/html/businessz/assets/css/elements.css]
[atixscripts.info/demo/html/businessz/assets/css/rtl.css]
[atixscripts.info/demo/html/businessz/style.css]
[atixscripts.info/demo/html/businessz/index2.html]
[atixscripts.info/demo/html/businessz/index3.html]
[atixscripts.info/demo/html/businessz/about.html]
[atixscripts.info/demo/html/businessz/about2.html]
[atixscripts.info/demo/html/businessz/portfolio-2-col.html]
[atixscripts.info/demo/html/businessz/portfolio-3-col.html]
[atixscripts.info/demo/html/businessz/portfolio-masonry.html]
[atixscripts.info/demo/html/businessz/portfolio-single.html]
[atixscripts.info/demo/html/businessz/services.html]
[atixscripts.info/demo/html/businessz/services2.html]
[atixscripts.info/demo/html/businessz/blog-post.html]
[atixscripts.info/demo/html/businessz/blog-single.html]
[atixscripts.info/demo/html/businessz/team.html]
[atixscripts.info/demo/html/businessz/contactus.html]
[atixscripts.info/demo/html/businessz/assets/images/transparent.png]
[atixscripts.info/demo/html/businessz/assets/images/slide-1-light.png]
[atixscripts.info/demo/html/businessz/assets/images/slide-1-tree.png]
[atixscripts.info/demo/html/businessz/assets/images/slide-1-pencel.png]
[atixscripts.info/demo/html/businessz/assets/images/slide-1-rular.png]
[atixscripts.info/demo/html/businessz/assets/images/slide-1-clock.png]
[atixscripts.info/demo/html/businessz/assets/images/slide-1-leptop.png]
[atixscripts.info/demo/html/businessz/assets/images/slide-1-cup.png]
[atixscripts.info/demo/html/businessz/assets/images/srv-img.png]
[atixscripts.info/demo/html/businessz/assets/images/portfolio-3-col-1.jpg]
[atixscripts.info/demo/html/businessz/assets/images/portfolio-3-col-2.jpg]
[atixscripts.info/demo/html/businessz/assets/images/portfolio-3-col-3.jpg]
[atixscripts.info/demo/html/businessz/assets/images/portfolio-3-col-4.jpg]
[atixscripts.info/demo/html/businessz/assets/images/portfolio-3-col-5.jpg]
[atixscripts.info/demo/html/businessz/assets/images/portfolio-3-col-6.jpg]
[atixscripts.info/demo/html/businessz/assets/images/blog-post-10.jpg]
[atixscripts.info/demo/html/businessz/assets/images/blog-post-11.jpg]
[atixscripts.info/demo/html/businessz/assets/images/blog-post-12.jpg]
[atixscripts.info/demo/html/businessz/assets/images/client-1.png]
[atixscripts.info/demo/html/businessz/assets/images/client-2.png]
[atixscripts.info/demo/html/businessz/assets/images/client-3.png]
[atixscripts.info/demo/html/businessz/assets/images/client-4.png]
[atixscripts.info/demo/html/businessz/assets/images/flickr-1.jpg]
[atixscripts.info/demo/html/businessz/assets/images/flickr-2.jpg]
[atixscripts.info/demo/html/businessz/assets/images/flickr-3.jpg]
[atixscripts.info/demo/html/businessz/assets/images/flickr-4.jpg]
[atixscripts.info/demo/html/businessz/assets/images/flickr-5.jpg]
[atixscripts.info/demo/html/businessz/assets/images/flickr-6.jpg]
[atixscripts.info/demo/html/businessz/assets/images/flickr-7.jpg]
[atixscripts.info/demo/html/businessz/assets/images/flickr-8.jpg]
[atixscripts.info/demo/html/businessz/assets/js/jquery-1.12.4.min.js]
[atixscripts.info/demo/html/businessz/assets/js/lib.js]
[atixscripts.info/demo/html/businessz/assets/revolution/js/jquery.themepunch.tools.min.js]
[atixscripts.info/demo/html/businessz/assets/revolution/js/jquery.themepunch.revolution.min.js]
[atixscripts.info/demo/html/businessz/assets/revolution/js/extensions/revolution.extension.actions.min.js]
[atixscripts.info/demo/html/businessz/assets/revolution/js/extensions/revolution.extension.carousel.min.js]
[atixscripts.info/demo/html/businessz/assets/revolution/js/extensions/revolution.extension.kenburn.min.js]
[atixscripts.info/demo/html/businessz/assets/revolution/js/extensions/revolution.extension.layeranimation.min.js]
[atixscripts.info/demo/html/businessz/assets/revolution/js/extensions/revolution.extension.migration.min.js]
[atixscripts.info/demo/html/businessz/assets/revolution/js/extensions/revolution.extension.navigation.min.js]
[atixscripts.info/demo/html/businessz/assets/revolution/js/extensions/revolution.extension.parallax.min.js]
[atixscripts.info/demo/html/businessz/assets/revolution/js/extensions/revolution.extension.slideanims.min.js]
[atixscripts.info/demo/html/businessz/assets/revolution/js/extensions/revolution.extension.video.min.js]
[atixscripts.info/demo/html/businessz/assets/js/functions.js]
[atixscripts.info/demo/html/businessz/index.html]
[atixscripts.info/demo/html/businessz/assets/images/apple-touch-icon-72x72-precomposed.html]
[atixscripts.info/demo/html/businessz/assets/revolution/fonts/revicons/revicons90c6.eot]
[atixscripts.info/demo/html/businessz/assets/revolution/fonts/revicons/revicons90c6.woff]
[atixscripts.info/demo/html/businessz/assets/revolution/fonts/revicons/revicons90c6.ttf]
[atixscripts.info/demo/html/businessz/assets/revolution/fonts/revicons/revicons90c6.svg]
[atixscripts.info/demo/html/businessz/assets/revolution/css/settings.css]
[atixscripts.info/demo/html/businessz/assets/css/fonts/glyphicons-halflings-regular.eot]
[atixscripts.info/demo/html/businessz/assets/css/fonts/glyphicons-halflings-regulard41d.eot]
[atixscripts.info/demo/html/businessz/assets/css/fonts/glyphicons-halflings-regular.woff2]
[atixscripts.info/demo/html/businessz/assets/css/fonts/glyphicons-halflings-regular.woff]
[atixscripts.info/demo/html/businessz/assets/css/fonts/glyphicons-halflings-regular.ttf]
[atixscripts.info/demo/html/businessz/assets/css/fonts/glyphicons-halflings-regular.svg]
[atixscripts.info/demo/html/businessz/assets/css/fonts/fontawesome-webfont3e6e.eot]
[atixscripts.info/demo/html/businessz/assets/css/fonts/fontawesome-webfontd41d.eot]
[atixscripts.info/demo/html/businessz/assets/css/fonts/fontawesome-webfont3e6e.woff2]
[atixscripts.info/demo/html/businessz/assets/css/fonts/fontawesome-webfont3e6e.woff]
[atixscripts.info/demo/html/businessz/assets/css/fonts/fontawesome-webfont3e6e.ttf]
[atixscripts.info/demo/html/businessz/assets/css/fonts/ElegantIcons.eot]
[atixscripts.info/demo/html/businessz/assets/css/fonts/fontawesome-webfont3e6e.svg]
[atixscripts.info/demo/html/businessz/assets/css/fonts/ElegantIconsd41d.eot]
[atixscripts.info/demo/html/businessz/assets/css/fonts/ElegantIcons.woff]
[atixscripts.info/demo/html/businessz/assets/css/fonts/ElegantIcons.ttf]
[atixscripts.info/demo/html/businessz/assets/css/fonts/ElegantIcons.svg]
[atixscripts.info/demo/html/businessz/assets/css/fonts/Stroke-Gap-Icons.eot]
[atixscripts.info/demo/html/businessz/assets/css/fonts/Pe-icon-7-strokebb1d.eot]
[atixscripts.info/demo/html/businessz/assets/css/fonts/Pe-icon-7-stroked41d.eot]
[atixscripts.info/demo/html/businessz/assets/css/fonts/Pe-icon-7-strokebb1d.woff]
[atixscripts.info/demo/html/businessz/assets/css/fonts/Pe-icon-7-strokebb1d.ttf]
[atixscripts.info/demo/html/businessz/assets/css/fonts/Pe-icon-7-strokebb1d.svg]
[atixscripts.info/demo/html/businessz/assets/css/fonts/Linearicons-Free54e9.eot]
[atixscripts.info/demo/html/businessz/assets/css/fonts/Linearicons-Freed41d.eot]
[atixscripts.info/demo/html/businessz/assets/css/fonts/Linearicons-Free54e9.woff2]
[atixscripts.info/demo/html/businessz/assets/css/fonts/Linearicons-Free54e9.woff]
[atixscripts.info/demo/html/businessz/assets/css/fonts/Linearicons-Free54e9.ttf]
[atixscripts.info/demo/html/businessz/assets/css/fonts/Linearicons-Free54e9.svg]
[atixscripts.info/demo/html/businessz/assets/css/lib.css]
[atixscripts.info/demo/html/businessz/assets/css/plugins.css]
[atixscripts.info/demo/html/businessz/assets/images/counter-bg-1.jpg]
[atixscripts.info/demo/html/businessz/assets/images/counter-bg-2.jpg]
[atixscripts.info/demo/html/businessz/assets/images/process-bg.jpg]
[atixscripts.info/demo/html/businessz/assets/images/testimonial-bg.jpg]
[atixscripts.info/demo/html/businessz/assets/css/elements.css]
[atixscripts.info/demo/html/businessz/assets/css/rtl.css]
[atixscripts.info/demo/html/businessz/style.css]
[atixscripts.info/demo/html/businessz/assets/images/slide-2.jpg]
[atixscripts.info/demo/html/businessz/assets/images/about-img.png]
[atixscripts.info/demo/html/businessz/assets/images/team-7.jpg]
[atixscripts.info/demo/html/businessz/assets/images/team-8.jpg]
[atixscripts.info/demo/html/businessz/assets/images/team-9.jpg]
[atixscripts.info/demo/html/businessz/assets/images/portfolio-4-col-1.jpg]
[atixscripts.info/demo/html/businessz/assets/images/portfolio-4-col-2.jpg]
[atixscripts.info/demo/html/businessz/assets/images/portfolio-4-col-3.jpg]
[atixscripts.info/demo/html/businessz/assets/images/portfolio-4-col-4.jpg]
[atixscripts.info/demo/html/businessz/assets/images/portfolio-4-col-5.jpg]
[atixscripts.info/demo/html/businessz/assets/images/portfolio-4-col-6.jpg]
[atixscripts.info/demo/html/businessz/assets/images/portfolio-4-col-7.jpg]
[atixscripts.info/demo/html/businessz/assets/images/portfolio-4-col-8.jpg]
[atixscripts.info/demo/html/businessz/assets/images/testi.jpg]
[atixscripts.info/demo/html/businessz/index2.html]
[atixscripts.info/demo/html/businessz/assets/images/slide-3.jpg]
[atixscripts.info/demo/html/businessz/assets/images/team-1.jpg]
[atixscripts.info/demo/html/businessz/assets/images/team-2.jpg]
[atixscripts.info/demo/html/businessz/assets/images/team-3.jpg]
[atixscripts.info/demo/html/businessz/index3.html]
[atixscripts.info/demo/html/businessz/about.html]
[atixscripts.info/demo/html/businessz/about2.html]
[atixscripts.info/demo/html/businessz/assets/images/portfolio-2-col-1.jpg]
[atixscripts.info/demo/html/businessz/assets/images/portfolio-2-col-2.jpg]
[atixscripts.info/demo/html/businessz/assets/images/portfolio-2-col-3.jpg]
[atixscripts.info/demo/html/businessz/assets/images/portfolio-2-col-4.jpg]
[atixscripts.info/demo/html/businessz/portfolio-2-col.html]
[atixscripts.info/demo/html/businessz/portfolio-3-col.html]
[atixscripts.info/demo/html/businessz/assets/images/portfolio-masonry-1.jpg]
[atixscripts.info/demo/html/businessz/assets/images/portfolio-masonry-2.jpg]
[atixscripts.info/demo/html/businessz/assets/images/portfolio-masonry-3.jpg]
[atixscripts.info/demo/html/businessz/assets/images/portfolio-masonry-4.jpg]
[atixscripts.info/demo/html/businessz/assets/images/portfolio-masonry-5.jpg]
[atixscripts.info/demo/html/businessz/portfolio-masonry.html]
[atixscripts.info/demo/html/businessz/assets/images/portfolio-single-1.jpg]
[atixscripts.info/demo/html/businessz/assets/images/portfolio-single-2.jpg]
[atixscripts.info/demo/html/businessz/assets/images/portfolio-single-3.jpg]
[atixscripts.info/demo/html/businessz/portfolio-single.html]
[atixscripts.info/demo/html/businessz/services.html]
[atixscripts.info/demo/html/businessz/assets/images/testimonial-img.jpg]
[atixscripts.info/demo/html/businessz/services2.html]
[atixscripts.info/demo/html/businessz/assets/images/blog-post-1.jpg]
[atixscripts.info/demo/html/businessz/assets/images/blog-post-2.jpg]
[atixscripts.info/demo/html/businessz/assets/images/blog-post-3.jpg]
[atixscripts.info/demo/html/businessz/assets/images/blog-post-4.jpg]
[atixscripts.info/demo/html/businessz/assets/images/blog-post-5.jpg]
[atixscripts.info/demo/html/businessz/assets/images/blog-post-6.jpg]
[atixscripts.info/demo/html/businessz/assets/images/blog-post-7.jpg]
[atixscripts.info/demo/html/businessz/assets/images/blog-post-8.jpg]
[atixscripts.info/demo/html/businessz/assets/images/blog-post-9.jpg]
[atixscripts.info/demo/html/businessz/blog-post.html]
[atixscripts.info/demo/html/businessz/assets/images/blog-single.jpg]
[atixscripts.info/demo/html/businessz/assets/images/comment-1.jpg]
[atixscripts.info/demo/html/businessz/assets/images/comment-2.jpg]
[atixscripts.info/demo/html/businessz/blog-single.html]
[atixscripts.info/demo/html/businessz/assets/images/team-4.jpg]
[atixscripts.info/demo/html/businessz/assets/images/team-5.jpg]
[atixscripts.info/demo/html/businessz/assets/images/team-6.jpg]
[atixscripts.info/demo/html/businessz/team.html]
[atixscripts.info/demo/html/businessz/contactus.html]
[atixscripts.info/demo/html/businessz/assets/revolution/fonts/revicons/revicons90c6.svg]
[atixscripts.info/demo/html/businessz/assets/revolution/css/openhand.html]
[atixscripts.info/demo/html/businessz/assets/revolution/css/closedhand.html]
[atixscripts.info/demo/html/businessz/assets/revolution/assets/gridtile.html]
[atixscripts.info/demo/html/businessz/assets/revolution/assets/gridtile_white.html]
[atixscripts.info/demo/html/businessz/assets/revolution/assets/gridtile_3x3.html]
[atixscripts.info/demo/html/businessz/assets/revolution/assets/gridtile_3x3_white.html]
[atixscripts.info/demo/html/businessz/assets/revolution/assets/coloredbg.html]
[atixscripts.info/demo/html/businessz/assets/revolution/assets/loader.html]
[atixscripts.info/demo/html/businessz/assets/css/fonts/glyphicons-halflings-regular.svg]
[atixscripts.info/demo/html/businessz/assets/css/fonts/fontawesome-webfont3e6e.svg]
[atixscripts.info/demo/html/businessz/assets/css/fonts/ElegantIcons.svg]
[atixscripts.info/demo/html/businessz/assets/css/owl.video.play.html]
[atixscripts.info/demo/html/businessz/assets/css/fonts/Pe-icon-7-strokebb1d.svg]
[atixscripts.info/demo/html/businessz/assets/css/fonts/Linearicons-Free54e9.svg]
